{
  "Kind": "SingleResult",
  "RequestIndex": null,
  "VariableIndex": null,
  "Label": null,
  "Path": null,
  "Data": {
    "registerUser": {
      "registerUserResponse": {
        "id": "e65fb783-3952-411c-b41c-1d5dc1d9ef6c",
        "userName": "Username123",
        "__typename": "RegisterUserResponse"
      },
      "errors": null,
      "__typename": "RegisterUserPayload"
    }
  },
  "Items": null,
  "Errors": null,
  "Extensions": null,
  "Incremental": null,
  "ContextData": null,
  "HasNext": null,
  "IsDataSet": true
}
